exports[`test Button renders correctly 1`] = `
<button
  className="button">
  hello
</button>
`;
